
🔍 Momentum Scan - 2026-01-31T15:30:02.058Z
Found 30 trending tokens on base, solana
Scanning 31 unique tokens...

🔥 HIGH RATIO: VDR
Ratio: 4.57x (594B/130S) [h1]
Price: $0.008884
Volume: $403,148
Liq: $318,836
Change: -0.4%
📨 Alert sent: HIGH_RATIO - VDR

🔥 HIGH RATIO: VDR
Ratio: 4.95x (1896B/383S) [h6]
Price: $0.008884
Volume: $403,148
Liq: $318,836
Change: -0.4%
⏸️  Rate limited: VDR

✅ Scanned 11 tokens, found 2 signals

🔍 Momentum Scan - 2026-01-31T15:35:02.129Z
Found 30 trending tokens on base, solana
Scanning 31 unique tokens...

🎯 SUSTAINED ACCUMULATION: MOLTNET
Avg Ratio: 1.60x over 3 periods
Price: $0.000474
📨 Alert sent: SUSTAINED_ACCUMULATION - MOLTNET

🔥 HIGH RATIO: VDR
Ratio: 4.43x (571B/129S) [h1]
Price: $0.008906
Volume: $405,136
Liq: $319,945
Change: 0.2%
⏸️  Rate limited: VDR

🔥 HIGH RATIO: VDR
Ratio: 4.98x (1914B/384S) [h6]
Price: $0.008906
Volume: $405,136
Liq: $319,945
Change: 0.2%
⏸️  Rate limited: VDR

🎯 SUSTAINED ACCUMULATION: VDR
Avg Ratio: 4.59x over 3 periods
Price: $0.008906
⏸️  Rate limited: VDR

✅ Scanned 11 tokens, found 4 signals

🔍 Momentum Scan - 2026-01-31T15:40:01.503Z
Found 30 trending tokens on base, solana
Scanning 31 unique tokens...

🔥 HIGH RATIO: CLAWKING
Ratio: 28.21x (395B/14S) [h1]
Price: $0.000189
Volume: $409,509
Liq: $126,356
Change: -6.8%
📨 Alert sent: HIGH_RATIO - CLAWKING

🔥 HIGH RATIO: CLAWKING
Ratio: 33.61x (4268B/127S) [h6]
Price: $0.000189
Volume: $409,509
Liq: $126,356
Change: -6.8%
⏸️  Rate limited: CLAWKING

🔥 HIGH RATIO: VDR
Ratio: 4.44x (537B/121S) [h1]
Price: $0.008902
Volume: $404,170
Liq: $319,164
Change: -0.2%
⏸️  Rate limited: VDR

🔥 HIGH RATIO: VDR
Ratio: 5.06x (1938B/383S) [h6]
Price: $0.008902
Volume: $404,170
Liq: $319,164
Change: -0.2%
⏸️  Rate limited: VDR

🎯 SUSTAINED ACCUMULATION: VDR
Avg Ratio: 4.48x over 3 periods
Price: $0.008902
⏸️  Rate limited: VDR

✅ Scanned 11 tokens, found 5 signals

🔍 Momentum Scan - 2026-01-31T15:45:01.202Z
Found 30 trending tokens on base, solana
Scanning 31 unique tokens...

🔥 HIGH RATIO: CLAWKING
Ratio: 30.94x (495B/16S) [h1]
Price: $0.000193
Volume: $409,701
Liq: $127,913
Change: -7.4%
📨 Alert sent: HIGH_RATIO - CLAWKING

🔥 HIGH RATIO: CLAWKING
Ratio: 33.59x (4266B/127S) [h6]
Price: $0.000193
Volume: $409,701
Liq: $127,913
Change: -7.4%
⏸️  Rate limited: CLAWKING

🔥 HIGH RATIO: VDR
Ratio: 4.44x (488B/110S) [h1]
Price: $0.008907
Volume: $403,939
Liq: $319,520
Change: 0.2%
⏸️  Rate limited: VDR

🔥 HIGH RATIO: VDR
Ratio: 5.07x (1956B/386S) [h6]
Price: $0.008907
Volume: $403,939
Liq: $319,520
Change: 0.2%
⏸️  Rate limited: VDR

🎯 SUSTAINED ACCUMULATION: VDR
Avg Ratio: 4.43x over 3 periods
Price: $0.008907
⏸️  Rate limited: VDR

✅ Scanned 12 tokens, found 5 signals

🔍 Momentum Scan - 2026-01-31T15:50:01.645Z
Found 30 trending tokens on base, solana
Scanning 31 unique tokens...

🔥 HIGH RATIO: CLAWKING
Ratio: 34.19x (547B/16S) [h1]
Price: $0.000193
Volume: $409,701
Liq: $128,206
Change: -7.4%
📨 Alert sent: HIGH_RATIO - CLAWKING

🔥 HIGH RATIO: CLAWKING
Ratio: 33.46x (4249B/127S) [h6]
Price: $0.000193
Volume: $409,701
Liq: $128,206
Change: -7.4%
⏸️  Rate limited: CLAWKING

🎯 SUSTAINED ACCUMULATION: CLAWKING
Avg Ratio: 33.02x over 3 periods
Price: $0.000193
⏸️  Rate limited: CLAWKING

🔥 HIGH RATIO: VDR
Ratio: 4.62x (439B/95S) [h1]
Price: $0.008898
Volume: $404,126
Liq: $319,096
Change: 0.2%
⏸️  Rate limited: VDR

🔥 HIGH RATIO: VDR
Ratio: 5.07x (1961B/387S) [h6]
Price: $0.008898
Volume: $404,126
Liq: $319,096
Change: 0.2%
⏸️  Rate limited: VDR

🎯 SUSTAINED ACCUMULATION: VDR
Avg Ratio: 4.55x over 3 periods
Price: $0.008898
⏸️  Rate limited: VDR

✅ Scanned 11 tokens, found 6 signals

🔍 Momentum Scan - 2026-01-31T15:55:02.104Z
Found 30 trending tokens on base, solana
Scanning 31 unique tokens...

🔥 HIGH RATIO: CLAWKING
Ratio: 51.00x (561B/11S) [h1]
Price: $0.000192
Volume: $409,703
Liq: $127,642
Change: -3.9%
📨 Alert sent: HIGH_RATIO - CLAWKING

🔥 HIGH RATIO: CLAWKING
Ratio: 33.48x (4252B/127S) [h6]
Price: $0.000192
Volume: $409,703
Liq: $127,642
Change: -3.9%
⏸️  Rate limited: CLAWKING

🎯 SUSTAINED ACCUMULATION: CLAWKING
Avg Ratio: 39.71x over 3 periods
Price: $0.000192
⏸️  Rate limited: CLAWKING

🔥 HIGH RATIO: VDR
Ratio: 4.67x (411B/88S) [h1]
Price: $0.008904
Volume: $403,937
Liq: $318,842
Change: 0.1%
⏸️  Rate limited: VDR

🔥 HIGH RATIO: VDR
Ratio: 5.12x (1981B/387S) [h6]
Price: $0.008904
Volume: $403,937
Liq: $318,842
Change: 0.1%
⏸️  Rate limited: VDR

🎯 SUSTAINED ACCUMULATION: VDR
Avg Ratio: 4.63x over 3 periods
Price: $0.008904
⏸️  Rate limited: VDR

🔥 HIGH RATIO: LEPUS
Ratio: 3.04x (258B/85S) [h1]
Price: $0.000223
Volume: $4,659,468
Liq: $55,167
Change: 18.9%
⏸️  Rate limited: LEPUS

✅ Scanned 12 tokens, found 7 signals

🔍 Momentum Scan - 2026-01-31T16:00:01.299Z
Found 30 trending tokens on base, solana
Scanning 31 unique tokens...

🔥 HIGH RATIO: CLAWKING
Ratio: 50.27x (553B/11S) [h1]
Price: $0.000192
Volume: $409,703
Liq: $127,372
Change: -3.7%
📨 Alert sent: HIGH_RATIO - CLAWKING

🔥 HIGH RATIO: CLAWKING
Ratio: 34.10x (4228B/124S) [h6]
Price: $0.000192
Volume: $409,703
Liq: $127,372
Change: -3.7%
⏸️  Rate limited: CLAWKING

🎯 SUSTAINED ACCUMULATION: CLAWKING
Avg Ratio: 45.15x over 3 periods
Price: $0.000192
⏸️  Rate limited: CLAWKING

🔥 HIGH RATIO: VDR
Ratio: 4.85x (388B/80S) [h1]
Price: $0.008900
Volume: $404,290
Liq: $318,351
Change: -0.1%
⏸️  Rate limited: VDR

🔥 HIGH RATIO: VDR
Ratio: 5.15x (2009B/390S) [h6]
Price: $0.008900
Volume: $404,290
Liq: $318,351
Change: -0.1%
⏸️  Rate limited: VDR

🎯 SUSTAINED ACCUMULATION: VDR
Avg Ratio: 4.71x over 3 periods
Price: $0.008900
⏸️  Rate limited: VDR

🔥 HIGH RATIO: LEPUS
Ratio: 2.99x (254B/85S) [h1]
Price: $0.000224
Volume: $4,649,613
Liq: $55,228
Change: 18.4%
⏸️  Rate limited: LEPUS

✅ Scanned 12 tokens, found 7 signals
