[2026-01-30T23:03:21.986Z] NEW_TOKEN: {"symbol":"MOLTBOOK","name":"Moltbook","chain":"solana","boosts":1000,"price":"0.0001560","fdv":156043,"socials":["https://x.com/MattPRD/status/2016560277333168540?s=20"]}
[2026-01-30T23:03:21.986Z] AI_TOKEN: {"name":"Introducing Moltbook a social network for @moltbot","chain":"solana","boosts":1000}
[2026-01-30T23:03:22.023Z] NEW_TOKEN: {"symbol":"ELON","name":"ELON","chain":"solana","boosts":500,"price":"0.000003405","fdv":3405,"socials":["https://x.com/chamath/status/2017007422905430300"]}
[2026-01-30T23:03:22.067Z] NEW_TOKEN: {"symbol":"SOULGUY","name":"SOULGUY","chain":"solana","boosts":500,"price":"0.0003723","fdv":372061,"socials":["https://x.com/i/communities/2012010409109365200","https://t.me/soulguy_cto"]}
[2026-01-30T23:03:22.105Z] NEW_TOKEN: {"symbol":"WAR","name":"WAR","chain":"solana","boosts":500,"price":"0.02487","fdv":24871840,"socials":["https://x.com/i/communities/2015899639397101613"]}
[2026-01-30T23:03:22.139Z] NEW_TOKEN: {"symbol":"LEPUS","name":"THE LEPUS","chain":"solana","boosts":500,"price":"0.0009185","fdv":918574,"socials":["https://x.com/small_lepus","https://t.me/small_lepus"]}
[2026-01-30T23:03:22.173Z] NEW_TOKEN: {"symbol":"dm","name":"Dumb money","chain":"solana","boosts":500,"price":"0.00001111","fdv":11119.97,"socials":["https://x.com/i/communities/2016937442016972982"]}
[2026-01-30T23:03:22.210Z] NEW_TOKEN: {"symbol":"MWOLT","name":"MWOLTBOT","chain":"solana","boosts":500,"price":"0.00001967","fdv":19673.82,"socials":["https://x.com/i/communities/2017342554262450234"]}
[2026-01-30T23:03:22.210Z] AI_TOKEN: {"name":"One half of a human-AI. Personal @pumpfun terminal","chain":"solana","boosts":500}
[2026-01-30T23:03:22.250Z] NEW_TOKEN: {"symbol":"DiCrabrio","name":"Leonardo DiCrabrio","chain":"solana","boosts":450,"price":"0.00003095","fdv":30952,"socials":["https://x.com/i/communities/2017172129763201283"]}
[2026-01-30T23:03:22.290Z] NEW_TOKEN: {"symbol":"NPC","name":"Non-Player Character","chain":"solana","boosts":130,"price":"0.00004292","fdv":42921,"socials":["https://x.com/i/communities/2017223713301922015"]}
[2026-01-30T23:03:22.335Z] NEW_TOKEN: {"symbol":"eloncoin","name":"currency of earth","chain":"solana","boosts":100,"price":"0.000007996","fdv":7972,"socials":["https://x.com/i/communities/2017014154960527634"]}
[2026-01-30T23:03:22.385Z] NEW_TOKEN: {"symbol":"PISSFACE","name":"PISSFACE","chain":"solana","boosts":100,"price":"0.00005218","fdv":52178,"socials":["https://t.me/pissfacememe"]}
[2026-01-30T23:03:22.568Z] NEW_TOKEN: {"symbol":"WIFBAND","name":"WIF HEADBAND","chain":"solana","boosts":100,"price":"0.000003004","fdv":3004,"socials":["https://x.com/wifheadband","https://t.me/wifbandportal"]}
[2026-01-30T23:03:22.714Z] NEW_TOKEN: {"symbol":"BUDDY","name":"Barking Puppy ","chain":"solana","boosts":100,"price":"0.0001630","fdv":163090,"socials":["https://x.com/i/communities/2016805748010053944","https://www.instagram.com/kevinlegend14"]}
[2026-01-30T23:03:22.765Z] NEW_TOKEN: {"symbol":"FlappySol","name":"FlappySolana","chain":"solana","boosts":100,"price":"0.00009745","fdv":97451,"socials":["https://x.com/FlappySolana"]}
[2026-01-30T23:03:22.765Z] AI_TOKEN: {"name":"The classic Flappy Bird, reborn on the Solana bloc","chain":"solana","boosts":100}
[2026-01-30T23:03:23.173Z] NEW_TOKEN: {"symbol":"21","name":"2131KOBUSHIDE","chain":"solana","boosts":100,"price":"0.004355","fdv":4354910,"socials":["https://x.com/2131kobushide","https://t.me/KOBUSHIDE2131SOL","https://discord.com/invite/ayenFTeRhQ","https://www.tiktok.com/@kobushi2131"]}
[2026-01-30T23:03:23.356Z] NEW_TOKEN: {"symbol":"PEACE","name":"PEACE","chain":"solana","boosts":100,"price":"0.00007471","fdv":74707,"socials":["https://x.com/i/communities/2016933891299229988"]}
[2026-01-30T23:03:23.389Z] NEW_TOKEN: {"symbol":"Whalentine","name":"Whalentine","chain":"solana","boosts":100,"price":"0.0002270","fdv":224965,"socials":["https://x.com/Whalentineonsol","https://t.me/WhalentineSol","https://www.tiktok.com/@whalentine.sol"]}
[2026-01-30T23:03:23.547Z] NEW_TOKEN: {"symbol":"COGE","name":"Copper Doge","chain":"bsc","boosts":100,"price":"0.0000000000001471","fdv":61792,"socials":["https://x.com/Copper_Doge","https://t.me/CopperDogetg"]}
[2026-01-30T23:03:23.547Z] AI_TOKEN: {"name":"Copper Doge merges Doge’s viral power with copper’","chain":"bsc","boosts":100}
[2026-01-30T23:03:23.735Z] NEW_TOKEN: {"symbol":"EMERALD","name":"Pokémon","chain":"solana","boosts":100,"price":"0.00001340","fdv":13405,"socials":["https://x.com/i/communities/2016674256009003355"]}
[2026-01-30T23:03:23.909Z] NEW_TOKEN: {"symbol":"SHEEP","name":"Electric Sheep","chain":"solana","boosts":100,"price":"0.00001782","fdv":17825,"socials":["https://x.com/i/communities/2017220072977113098"]}
[2026-01-30T23:34:44.525Z] NEW_TOKEN: {"symbol":"BARRON","name":"Barron Coin","chain":"solana","boosts":500,"price":"0.0001217","fdv":121763,"socials":["https://x.com/realbarroncoin","https://t.me/realbarroncoin"]}
[2026-01-30T23:47:10.075Z] NEW_TOKEN: {"symbol":"RAW","name":"RAW","chain":"solana","boosts":100,"price":"0.00002562","fdv":25621,"socials":["https://x.com/RAW1874262","https://t.me/rawsocialmediaapp"]}
[2026-01-30T23:47:10.075Z] AI_TOKEN: {"name":"In a world full of #crypto scams and failed social","chain":"solana","boosts":100}
