[01:56 UTC] Fresh Token Scan
━━━━━━━━━━━━━━━━━━━━━━━━━━━━
TOP OPPORTUNITIES (B/S >1.3x, Vol >$20k, <6h old):

1. CRABMAN 🦀
   Price: $0.00009834 | Age: 1h
   Buy/Sell: 3.94x ⚡ | Volume: $120,911
   PRISM: No flags, too new for full analysis

2. CLANKER ⚙️
   Price: $0.0001252 | Age: <1h
   Buy/Sell: 1.68x | Volume: $195,332 (highest)
   PRISM: No flags

3. Consciousness 🧠
   Price: $0.000003509 | Age: 1h
   Buy/Sell: 1.52x | Volume: $105,051
   PRISM: No flags

4. MOLTHUB 🦞
   Price: $0.00003544 | Age: <1h
   Buy/Sell: 1.7x | Volume: $93,588
   PRISM: No flags (Moltbook related?)

NOTES:
- CRABMAN has exceptional 3.94x buy ratio - strong momentum signal
- CLANKER has highest volume but lower ratio
- BLEEDING excluded (vol $18k < threshold)
━━━━━━━━━━━━━━━━━━━━━━━━━━━━
